d:\valvetools\bigsnakeandroidamxxash\3rdparty\regamedll_cs\regamedll\msvc\regamedll\release\mp.pch
d:\valvetools\bigsnakeandroidamxxash\3rdparty\regamedll_cs\regamedll\msvc\regamedll\release\vc143.pdb
d:\valvetools\bigsnakeandroidamxxash\3rdparty\regamedll_cs\regamedll\msvc\regamedll\release\precompiled.obj
d:\valvetools\bigsnakeandroidamxxash\3rdparty\regamedll_cs\regamedll\msvc\regamedll\release\cs_bot_learn.obj
d:\valvetools\bigsnakeandroidamxxash\3rdparty\regamedll_cs\regamedll\msvc\regamedll\release\cs_bot_init.obj
d:\valvetools\bigsnakeandroidamxxash\3rdparty\regamedll_cs\regamedll\msvc\regamedll\release\cs_bot_event.obj
d:\valvetools\bigsnakeandroidamxxash\3rdparty\regamedll_cs\regamedll\msvc\regamedll\release\cs_bot_chatter.obj
d:\valvetools\bigsnakeandroidamxxash\3rdparty\regamedll_cs\regamedll\msvc\regamedll\release\cs_bot.obj
d:\valvetools\bigsnakeandroidamxxash\3rdparty\regamedll_cs\regamedll\msvc\regamedll\release\bmodels.obj
d:\valvetools\bigsnakeandroidamxxash\3rdparty\regamedll_cs\regamedll\msvc\regamedll\release\basemonster.obj
d:\valvetools\bigsnakeandroidamxxash\3rdparty\regamedll_cs\regamedll\msvc\regamedll\release\csplayerweapon.obj
d:\valvetools\bigsnakeandroidamxxash\3rdparty\regamedll_cs\regamedll\msvc\regamedll\release\csplayeritem.obj
d:\valvetools\bigsnakeandroidamxxash\3rdparty\regamedll_cs\regamedll\msvc\regamedll\release\csplayer.obj
d:\valvetools\bigsnakeandroidamxxash\3rdparty\regamedll_cs\regamedll\msvc\regamedll\release\csentity.obj
d:\valvetools\bigsnakeandroidamxxash\3rdparty\regamedll_cs\regamedll\msvc\regamedll\release\capi_impl.obj
d:\valvetools\bigsnakeandroidamxxash\3rdparty\regamedll_cs\regamedll\msvc\regamedll\release\animation.obj
d:\valvetools\bigsnakeandroidamxxash\3rdparty\regamedll_cs\regamedll\msvc\regamedll\release\animating.obj
d:\valvetools\bigsnakeandroidamxxash\3rdparty\regamedll_cs\regamedll\msvc\regamedll\release\ammo.obj
d:\valvetools\bigsnakeandroidamxxash\3rdparty\regamedll_cs\regamedll\msvc\regamedll\release\airtank.obj
d:\valvetools\bigsnakeandroidamxxash\3rdparty\regamedll_cs\regamedll\msvc\regamedll\release\trigger_setorigin.obj
d:\valvetools\bigsnakeandroidamxxash\3rdparty\regamedll_cs\regamedll\msvc\regamedll\release\trigger_random.obj
d:\valvetools\bigsnakeandroidamxxash\3rdparty\regamedll_cs\regamedll\msvc\regamedll\release\point_command.obj
d:\valvetools\bigsnakeandroidamxxash\3rdparty\regamedll_cs\regamedll\msvc\regamedll\release\item_airbox.obj
d:\valvetools\bigsnakeandroidamxxash\3rdparty\regamedll_cs\regamedll\msvc\regamedll\release\cs_bot_investigate_noise.obj
d:\valvetools\bigsnakeandroidamxxash\3rdparty\regamedll_cs\regamedll\msvc\regamedll\release\cs_bot_idle.obj
d:\valvetools\bigsnakeandroidamxxash\3rdparty\regamedll_cs\regamedll\msvc\regamedll\release\cs_bot_hunt.obj
d:\valvetools\bigsnakeandroidamxxash\3rdparty\regamedll_cs\regamedll\msvc\regamedll\release\cs_bot_hide.obj
d:\valvetools\bigsnakeandroidamxxash\3rdparty\regamedll_cs\regamedll\msvc\regamedll\release\cs_bot_follow.obj
d:\valvetools\bigsnakeandroidamxxash\3rdparty\regamedll_cs\regamedll\msvc\regamedll\release\cs_bot_fetch_bomb.obj
d:\valvetools\bigsnakeandroidamxxash\3rdparty\regamedll_cs\regamedll\msvc\regamedll\release\cs_bot_escape_from_bomb.obj
d:\valvetools\bigsnakeandroidamxxash\3rdparty\regamedll_cs\regamedll\msvc\regamedll\release\cs_bot_defuse_bomb.obj
d:\valvetools\bigsnakeandroidamxxash\3rdparty\regamedll_cs\regamedll\msvc\regamedll\release\cs_bot_buy.obj
d:\valvetools\bigsnakeandroidamxxash\3rdparty\regamedll_cs\regamedll\msvc\regamedll\release\cs_bot_attack.obj
d:\valvetools\bigsnakeandroidamxxash\3rdparty\regamedll_cs\regamedll\msvc\regamedll\release\cs_gamestate.obj
d:\valvetools\bigsnakeandroidamxxash\3rdparty\regamedll_cs\regamedll\msvc\regamedll\release\cs_bot_weapon.obj
d:\valvetools\bigsnakeandroidamxxash\3rdparty\regamedll_cs\regamedll\msvc\regamedll\release\cs_bot_vision.obj
d:\valvetools\bigsnakeandroidamxxash\3rdparty\regamedll_cs\regamedll\msvc\regamedll\release\cs_bot_update.obj
d:\valvetools\bigsnakeandroidamxxash\3rdparty\regamedll_cs\regamedll\msvc\regamedll\release\cs_bot_statemachine.obj
d:\valvetools\bigsnakeandroidamxxash\3rdparty\regamedll_cs\regamedll\msvc\regamedll\release\cs_bot_radio.obj
d:\valvetools\bigsnakeandroidamxxash\3rdparty\regamedll_cs\regamedll\msvc\regamedll\release\cs_bot_pathfind.obj
d:\valvetools\bigsnakeandroidamxxash\3rdparty\regamedll_cs\regamedll\msvc\regamedll\release\cs_bot_nav.obj
d:\valvetools\bigsnakeandroidamxxash\3rdparty\regamedll_cs\regamedll\msvc\regamedll\release\cs_bot_manager.obj
d:\valvetools\bigsnakeandroidamxxash\3rdparty\regamedll_cs\regamedll\msvc\regamedll\release\cs_bot_listen.obj
d:\valvetools\bigsnakeandroidamxxash\3rdparty\regamedll_cs\regamedll\msvc\regamedll\release\globals.obj
d:\valvetools\bigsnakeandroidamxxash\3rdparty\regamedll_cs\regamedll\msvc\regamedll\release\gib.obj
d:\valvetools\bigsnakeandroidamxxash\3rdparty\regamedll_cs\regamedll\msvc\regamedll\release\ggrenade.obj
d:\valvetools\bigsnakeandroidamxxash\3rdparty\regamedll_cs\regamedll\msvc\regamedll\release\gamerules.obj
d:\valvetools\bigsnakeandroidamxxash\3rdparty\regamedll_cs\regamedll\msvc\regamedll\release\game.obj
d:\valvetools\bigsnakeandroidamxxash\3rdparty\regamedll_cs\regamedll\msvc\regamedll\release\func_tank.obj
d:\valvetools\bigsnakeandroidamxxash\3rdparty\regamedll_cs\regamedll\msvc\regamedll\release\func_break.obj
d:\valvetools\bigsnakeandroidamxxash\3rdparty\regamedll_cs\regamedll\msvc\regamedll\release\explode.obj
d:\valvetools\bigsnakeandroidamxxash\3rdparty\regamedll_cs\regamedll\msvc\regamedll\release\effects.obj
d:\valvetools\bigsnakeandroidamxxash\3rdparty\regamedll_cs\regamedll\msvc\regamedll\release\doors.obj
d:\valvetools\bigsnakeandroidamxxash\3rdparty\regamedll_cs\regamedll\msvc\regamedll\release\debug.obj
d:\valvetools\bigsnakeandroidamxxash\3rdparty\regamedll_cs\regamedll\msvc\regamedll\release\combat.obj
d:\valvetools\bigsnakeandroidamxxash\3rdparty\regamedll_cs\regamedll\msvc\regamedll\release\cmdhandler.obj
d:\valvetools\bigsnakeandroidamxxash\3rdparty\regamedll_cs\regamedll\msvc\regamedll\release\client.obj
d:\valvetools\bigsnakeandroidamxxash\3rdparty\regamedll_cs\regamedll\msvc\regamedll\release\cbase.obj
d:\valvetools\bigsnakeandroidamxxash\3rdparty\regamedll_cs\regamedll\msvc\regamedll\release\career_tasks.obj
d:\valvetools\bigsnakeandroidamxxash\3rdparty\regamedll_cs\regamedll\msvc\regamedll\release\buttons.obj
d:\valvetools\bigsnakeandroidamxxash\3rdparty\regamedll_cs\regamedll\msvc\regamedll\release\cs_bot_use_entity.obj
d:\valvetools\bigsnakeandroidamxxash\3rdparty\regamedll_cs\regamedll\msvc\regamedll\release\cs_bot_plant_bomb.obj
d:\valvetools\bigsnakeandroidamxxash\3rdparty\regamedll_cs\regamedll\msvc\regamedll\release\cs_bot_move_to.obj
d:\valvetools\bigsnakeandroidamxxash\3rdparty\regamedll_cs\regamedll\msvc\regamedll\release\observer.obj
d:\valvetools\bigsnakeandroidamxxash\3rdparty\regamedll_cs\regamedll\msvc\regamedll\release\multiplay_gamerules.obj
d:\valvetools\bigsnakeandroidamxxash\3rdparty\regamedll_cs\regamedll\msvc\regamedll\release\mortar.obj
d:\valvetools\bigsnakeandroidamxxash\3rdparty\regamedll_cs\regamedll\msvc\regamedll\release\maprules.obj
d:\valvetools\bigsnakeandroidamxxash\3rdparty\regamedll_cs\regamedll\msvc\regamedll\release\mapinfo.obj
d:\valvetools\bigsnakeandroidamxxash\3rdparty\regamedll_cs\regamedll\msvc\regamedll\release\lights.obj
d:\valvetools\bigsnakeandroidamxxash\3rdparty\regamedll_cs\regamedll\msvc\regamedll\release\items.obj
d:\valvetools\bigsnakeandroidamxxash\3rdparty\regamedll_cs\regamedll\msvc\regamedll\release\h_export.obj
d:\valvetools\bigsnakeandroidamxxash\3rdparty\regamedll_cs\regamedll\msvc\regamedll\release\h_cycler.obj
d:\valvetools\bigsnakeandroidamxxash\3rdparty\regamedll_cs\regamedll\msvc\regamedll\release\h_battery.obj
d:\valvetools\bigsnakeandroidamxxash\3rdparty\regamedll_cs\regamedll\msvc\regamedll\release\hostage_retreat.obj
d:\valvetools\bigsnakeandroidamxxash\3rdparty\regamedll_cs\regamedll\msvc\regamedll\release\hostage_idle.obj
d:\valvetools\bigsnakeandroidamxxash\3rdparty\regamedll_cs\regamedll\msvc\regamedll\release\hostage_follow.obj
d:\valvetools\bigsnakeandroidamxxash\3rdparty\regamedll_cs\regamedll\msvc\regamedll\release\hostage_escape.obj
d:\valvetools\bigsnakeandroidamxxash\3rdparty\regamedll_cs\regamedll\msvc\regamedll\release\hostage_animate.obj
d:\valvetools\bigsnakeandroidamxxash\3rdparty\regamedll_cs\regamedll\msvc\regamedll\release\hostage_localnav.obj
d:\valvetools\bigsnakeandroidamxxash\3rdparty\regamedll_cs\regamedll\msvc\regamedll\release\hostage_improv.obj
d:\valvetools\bigsnakeandroidamxxash\3rdparty\regamedll_cs\regamedll\msvc\regamedll\release\hostage.obj
d:\valvetools\bigsnakeandroidamxxash\3rdparty\regamedll_cs\regamedll\msvc\regamedll\release\hintmessage.obj
d:\valvetools\bigsnakeandroidamxxash\3rdparty\regamedll_cs\regamedll\msvc\regamedll\release\healthkit.obj
d:\valvetools\bigsnakeandroidamxxash\3rdparty\regamedll_cs\regamedll\msvc\regamedll\release\vehicle.obj
d:\valvetools\bigsnakeandroidamxxash\3rdparty\regamedll_cs\regamedll\msvc\regamedll\release\util.obj
d:\valvetools\bigsnakeandroidamxxash\3rdparty\regamedll_cs\regamedll\msvc\regamedll\release\tutor_cs_tutor.obj
d:\valvetools\bigsnakeandroidamxxash\3rdparty\regamedll_cs\regamedll\msvc\regamedll\release\tutor_cs_states.obj
d:\valvetools\bigsnakeandroidamxxash\3rdparty\regamedll_cs\regamedll\msvc\regamedll\release\tutor_base_tutor.obj
d:\valvetools\bigsnakeandroidamxxash\3rdparty\regamedll_cs\regamedll\msvc\regamedll\release\tutor_base_states.obj
d:\valvetools\bigsnakeandroidamxxash\3rdparty\regamedll_cs\regamedll\msvc\regamedll\release\tutor.obj
d:\valvetools\bigsnakeandroidamxxash\3rdparty\regamedll_cs\regamedll\msvc\regamedll\release\triggers.obj
d:\valvetools\bigsnakeandroidamxxash\3rdparty\regamedll_cs\regamedll\msvc\regamedll\release\training_gamerules.obj
d:\valvetools\bigsnakeandroidamxxash\3rdparty\regamedll_cs\regamedll\msvc\regamedll\release\subs.obj
d:\valvetools\bigsnakeandroidamxxash\3rdparty\regamedll_cs\regamedll\msvc\regamedll\release\spectator.obj
d:\valvetools\bigsnakeandroidamxxash\3rdparty\regamedll_cs\regamedll\msvc\regamedll\release\soundent.obj
d:\valvetools\bigsnakeandroidamxxash\3rdparty\regamedll_cs\regamedll\msvc\regamedll\release\sound.obj
d:\valvetools\bigsnakeandroidamxxash\3rdparty\regamedll_cs\regamedll\msvc\regamedll\release\skill.obj
d:\valvetools\bigsnakeandroidamxxash\3rdparty\regamedll_cs\regamedll\msvc\regamedll\release\singleplay_gamerules.obj
d:\valvetools\bigsnakeandroidamxxash\3rdparty\regamedll_cs\regamedll\msvc\regamedll\release\saverestore.obj
d:\valvetools\bigsnakeandroidamxxash\3rdparty\regamedll_cs\regamedll\msvc\regamedll\release\revert_saved.obj
d:\valvetools\bigsnakeandroidamxxash\3rdparty\regamedll_cs\regamedll\msvc\regamedll\release\player.obj
d:\valvetools\bigsnakeandroidamxxash\3rdparty\regamedll_cs\regamedll\msvc\regamedll\release\plats.obj
d:\valvetools\bigsnakeandroidamxxash\3rdparty\regamedll_cs\regamedll\msvc\regamedll\release\pathcorner.obj
d:\valvetools\bigsnakeandroidamxxash\3rdparty\regamedll_cs\regamedll\msvc\regamedll\release\wpn_m4a1.obj
d:\valvetools\bigsnakeandroidamxxash\3rdparty\regamedll_cs\regamedll\msvc\regamedll\release\wpn_m3.obj
d:\valvetools\bigsnakeandroidamxxash\3rdparty\regamedll_cs\regamedll\msvc\regamedll\release\wpn_m249.obj
d:\valvetools\bigsnakeandroidamxxash\3rdparty\regamedll_cs\regamedll\msvc\regamedll\release\wpn_knife.obj
d:\valvetools\bigsnakeandroidamxxash\3rdparty\regamedll_cs\regamedll\msvc\regamedll\release\wpn_hegrenade.obj
d:\valvetools\bigsnakeandroidamxxash\3rdparty\regamedll_cs\regamedll\msvc\regamedll\release\wpn_glock18.obj
d:\valvetools\bigsnakeandroidamxxash\3rdparty\regamedll_cs\regamedll\msvc\regamedll\release\wpn_galil.obj
d:\valvetools\bigsnakeandroidamxxash\3rdparty\regamedll_cs\regamedll\msvc\regamedll\release\wpn_g3sg1.obj
d:\valvetools\bigsnakeandroidamxxash\3rdparty\regamedll_cs\regamedll\msvc\regamedll\release\wpn_flashbang.obj
d:\valvetools\bigsnakeandroidamxxash\3rdparty\regamedll_cs\regamedll\msvc\regamedll\release\wpn_fiveseven.obj
d:\valvetools\bigsnakeandroidamxxash\3rdparty\regamedll_cs\regamedll\msvc\regamedll\release\wpn_famas.obj
d:\valvetools\bigsnakeandroidamxxash\3rdparty\regamedll_cs\regamedll\msvc\regamedll\release\wpn_elite.obj
d:\valvetools\bigsnakeandroidamxxash\3rdparty\regamedll_cs\regamedll\msvc\regamedll\release\wpn_deagle.obj
d:\valvetools\bigsnakeandroidamxxash\3rdparty\regamedll_cs\regamedll\msvc\regamedll\release\wpn_c4.obj
d:\valvetools\bigsnakeandroidamxxash\3rdparty\regamedll_cs\regamedll\msvc\regamedll\release\wpn_awp.obj
d:\valvetools\bigsnakeandroidamxxash\3rdparty\regamedll_cs\regamedll\msvc\regamedll\release\wpn_aug.obj
d:\valvetools\bigsnakeandroidamxxash\3rdparty\regamedll_cs\regamedll\msvc\regamedll\release\wpn_ak47.obj
d:\valvetools\bigsnakeandroidamxxash\3rdparty\regamedll_cs\regamedll\msvc\regamedll\release\world.obj
d:\valvetools\bigsnakeandroidamxxash\3rdparty\regamedll_cs\regamedll\msvc\regamedll\release\weapontype.obj
d:\valvetools\bigsnakeandroidamxxash\3rdparty\regamedll_cs\regamedll\msvc\regamedll\release\weapons.obj
d:\valvetools\bigsnakeandroidamxxash\3rdparty\regamedll_cs\regamedll\msvc\regamedll\release\nav_node.obj
d:\valvetools\bigsnakeandroidamxxash\3rdparty\regamedll_cs\regamedll\msvc\regamedll\release\nav_file.obj
d:\valvetools\bigsnakeandroidamxxash\3rdparty\regamedll_cs\regamedll\msvc\regamedll\release\nav_area.obj
d:\valvetools\bigsnakeandroidamxxash\3rdparty\regamedll_cs\regamedll\msvc\regamedll\release\bot_util.obj
d:\valvetools\bigsnakeandroidamxxash\3rdparty\regamedll_cs\regamedll\msvc\regamedll\release\bot_profile.obj
d:\valvetools\bigsnakeandroidamxxash\3rdparty\regamedll_cs\regamedll\msvc\regamedll\release\bot_manager.obj
d:\valvetools\bigsnakeandroidamxxash\3rdparty\regamedll_cs\regamedll\msvc\regamedll\release\bot.obj
d:\valvetools\bigsnakeandroidamxxash\3rdparty\regamedll_cs\regamedll\msvc\regamedll\release\unicode_strtools.obj
d:\valvetools\bigsnakeandroidamxxash\3rdparty\regamedll_cs\regamedll\msvc\regamedll\release\wpn_xm1014.obj
d:\valvetools\bigsnakeandroidamxxash\3rdparty\regamedll_cs\regamedll\msvc\regamedll\release\wpn_usp.obj
d:\valvetools\bigsnakeandroidamxxash\3rdparty\regamedll_cs\regamedll\msvc\regamedll\release\wpn_ump45.obj
d:\valvetools\bigsnakeandroidamxxash\3rdparty\regamedll_cs\regamedll\msvc\regamedll\release\wpn_tmp.obj
d:\valvetools\bigsnakeandroidamxxash\3rdparty\regamedll_cs\regamedll\msvc\regamedll\release\wpn_smokegrenade.obj
d:\valvetools\bigsnakeandroidamxxash\3rdparty\regamedll_cs\regamedll\msvc\regamedll\release\wpn_sg552.obj
d:\valvetools\bigsnakeandroidamxxash\3rdparty\regamedll_cs\regamedll\msvc\regamedll\release\wpn_sg550.obj
d:\valvetools\bigsnakeandroidamxxash\3rdparty\regamedll_cs\regamedll\msvc\regamedll\release\wpn_scout.obj
d:\valvetools\bigsnakeandroidamxxash\3rdparty\regamedll_cs\regamedll\msvc\regamedll\release\wpn_p90.obj
d:\valvetools\bigsnakeandroidamxxash\3rdparty\regamedll_cs\regamedll\msvc\regamedll\release\wpn_p228.obj
d:\valvetools\bigsnakeandroidamxxash\3rdparty\regamedll_cs\regamedll\msvc\regamedll\release\wpn_mp5navy.obj
d:\valvetools\bigsnakeandroidamxxash\3rdparty\regamedll_cs\regamedll\msvc\regamedll\release\wpn_mac10.obj
d:\valvetools\bigsnakeandroidamxxash\3rdparty\regamedll_cs\regamedll\msvc\regamedll\release\amxx_hooks.obj
d:\valvetools\bigsnakeandroidamxxash\3rdparty\regamedll_cs\regamedll\msvc\regamedll\release\amx.obj
d:\valvetools\bigsnakeandroidamxxash\3rdparty\regamedll_cs\regamedll\msvc\regamedll\release\admin.obj
d:\valvetools\bigsnakeandroidamxxash\3rdparty\regamedll_cs\regamedll\msvc\regamedll\release\sse_mathfun.obj
d:\valvetools\bigsnakeandroidamxxash\3rdparty\regamedll_cs\regamedll\msvc\regamedll\release\regamedll.obj
d:\valvetools\bigsnakeandroidamxxash\3rdparty\regamedll_cs\regamedll\msvc\regamedll\release\public_amalgamation.obj
d:\valvetools\bigsnakeandroidamxxash\3rdparty\regamedll_cs\regamedll\msvc\regamedll\release\hookchains_impl.obj
d:\valvetools\bigsnakeandroidamxxash\3rdparty\regamedll_cs\regamedll\msvc\regamedll\release\classes_dummy.obj
d:\valvetools\bigsnakeandroidamxxash\3rdparty\regamedll_cs\regamedll\msvc\regamedll\release\platform_win32.obj
d:\valvetools\bigsnakeandroidamxxash\3rdparty\regamedll_cs\regamedll\msvc\regamedll\release\dbg.obj
d:\valvetools\bigsnakeandroidamxxash\3rdparty\regamedll_cs\regamedll\msvc\regamedll\release\assert_dialog.obj
d:\valvetools\bigsnakeandroidamxxash\3rdparty\regamedll_cs\regamedll\msvc\regamedll\release\mempool.obj
d:\valvetools\bigsnakeandroidamxxash\3rdparty\regamedll_cs\regamedll\msvc\regamedll\release\interface.obj
d:\valvetools\bigsnakeandroidamxxash\3rdparty\regamedll_cs\regamedll\msvc\regamedll\release\filesystem.obj
d:\valvetools\bigsnakeandroidamxxash\3rdparty\regamedll_cs\regamedll\msvc\regamedll\release\pm_shared.obj
d:\valvetools\bigsnakeandroidamxxash\3rdparty\regamedll_cs\regamedll\msvc\regamedll\release\pm_math.obj
d:\valvetools\bigsnakeandroidamxxash\3rdparty\regamedll_cs\regamedll\msvc\regamedll\release\pm_debug.obj
d:\valvetools\bigsnakeandroidamxxash\3rdparty\regamedll_cs\regamedll\msvc\regamedll\release\voice_gamemgr.obj
d:\valvetools\bigsnakeandroidamxxash\3rdparty\regamedll_cs\regamedll\msvc\regamedll\release\shared_util.obj
d:\valvetools\bigsnakeandroidamxxash\3rdparty\regamedll_cs\regamedll\msvc\regamedll\release\nav_path.obj
d:\valvetools\bigsnakeandroidamxxash\3rdparty\regamedll_cs\regamedll\msvc\regamedll\release\native_log.obj
d:\valvetools\bigsnakeandroidamxxash\3rdparty\regamedll_cs\regamedll\msvc\regamedll\release\native_sqlx.obj
d:\valvetools\bigsnakeandroidamxxash\3rdparty\regamedll_cs\regamedll\msvc\regamedll\release\native_lang.obj
d:\valvetools\bigsnakeandroidamxxash\3rdparty\regamedll_cs\regamedll\msvc\regamedll\release\native_fun.obj
d:\valvetools\bigsnakeandroidamxxash\3rdparty\regamedll_cs\regamedll\msvc\regamedll\release\native_fakemeta.obj
d:\valvetools\bigsnakeandroidamxxash\3rdparty\regamedll_cs\regamedll\msvc\regamedll\release\native_events.obj
d:\valvetools\bigsnakeandroidamxxash\3rdparty\regamedll_cs\regamedll\msvc\regamedll\release\native_entities.obj
d:\valvetools\bigsnakeandroidamxxash\3rdparty\regamedll_cs\regamedll\msvc\regamedll\release\native_datastructs.obj
d:\valvetools\bigsnakeandroidamxxash\3rdparty\regamedll_cs\regamedll\msvc\regamedll\release\native_csx.obj
d:\valvetools\bigsnakeandroidamxxash\3rdparty\regamedll_cs\regamedll\msvc\regamedll\release\native_cstrike.obj
d:\valvetools\bigsnakeandroidamxxash\3rdparty\regamedll_cs\regamedll\msvc\regamedll\release\native_core.obj
d:\valvetools\bigsnakeandroidamxxash\3rdparty\regamedll_cs\regamedll\msvc\regamedll\release\native_admin.obj
d:\valvetools\bigsnakeandroidamxxash\3rdparty\regamedll_cs\regamedll\msvc\regamedll\release\messages.obj
d:\valvetools\bigsnakeandroidamxxash\3rdparty\regamedll_cs\regamedll\msvc\regamedll\release\menus.obj
d:\valvetools\bigsnakeandroidamxxash\3rdparty\regamedll_cs\regamedll\msvc\regamedll\release\lang.obj
d:\valvetools\bigsnakeandroidamxxash\3rdparty\regamedll_cs\regamedll\msvc\regamedll\release\hamsandwich.obj
d:\valvetools\bigsnakeandroidamxxash\3rdparty\regamedll_cs\regamedll\msvc\regamedll\release\forwards.obj
d:\valvetools\bigsnakeandroidamxxash\3rdparty\regamedll_cs\regamedll\msvc\regamedll\release\events.obj
d:\valvetools\bigsnakeandroidamxxash\3rdparty\regamedll_cs\regamedll\msvc\regamedll\release\datastructs.obj
d:\valvetools\bigsnakeandroidamxxash\3rdparty\regamedll_cs\regamedll\msvc\regamedll\release\amxxlog.obj
d:\valvetools\bigsnakeandroidamxxash\3rdparty\regamedll_cs\regamedll\msvc\regamedll\release\zlib_compat.obj
d:\valvetools\bigsnakeandroidamxxash\3rdparty\regamedll_cs\regamedll\msvc\regamedll\release\vault.obj
d:\valvetools\bigsnakeandroidamxxash\3rdparty\regamedll_cs\regamedll\msvc\regamedll\release\thinktouch.obj
d:\valvetools\bigsnakeandroidamxxash\3rdparty\regamedll_cs\regamedll\msvc\regamedll\release\taskmgr.obj
d:\valvetools\bigsnakeandroidamxxash\3rdparty\regamedll_cs\regamedll\msvc\regamedll\release\runtime.obj
d:\valvetools\bigsnakeandroidamxxash\3rdparty\regamedll_cs\regamedll\msvc\regamedll\release\plugin.obj
d:\valvetools\bigsnakeandroidamxxash\3rdparty\regamedll_cs\regamedll\msvc\regamedll\release\native_vault.obj
d:\valvetools\bigsnakeandroidamxxash\3rdparty\regamedll_cs\regamedll\msvc\regamedll\release\native_messages.obj
d:\valvetools\bigsnakeandroidamxxash\3rdparty\regamedll_cs\regamedll\msvc\regamedll\release\native_menus.obj
d:\valvetools\bigsnakeandroidamxxash\3rdparty\regamedll_cs\regamedll\msvc\regamedll\release\zutil.obj
d:\valvetools\bigsnakeandroidamxxash\3rdparty\regamedll_cs\regamedll\msvc\regamedll\release\uncompr.obj
d:\valvetools\bigsnakeandroidamxxash\3rdparty\regamedll_cs\regamedll\msvc\regamedll\release\inftrees.obj
d:\valvetools\bigsnakeandroidamxxash\3rdparty\regamedll_cs\regamedll\msvc\regamedll\release\inflate.obj
d:\valvetools\bigsnakeandroidamxxash\3rdparty\regamedll_cs\regamedll\msvc\regamedll\release\inffast.obj
d:\valvetools\bigsnakeandroidamxxash\3rdparty\regamedll_cs\regamedll\msvc\regamedll\release\crc32.obj
d:\valvetools\bigsnakeandroidamxxash\3rdparty\regamedll_cs\regamedll\msvc\regamedll\release\adler32.obj
d:\valvetools\bigsnakeandroidamxxash\3rdparty\regamedll_cs\regamedll\msvc\regamedll\release\assert_dialog.res
d:\valvetools\bigsnakeandroidamxxash\3rdparty\regamedll_cs\regamedll\msvc\regamedll\release\regamedll.tlog\cl.command.1.tlog
d:\valvetools\bigsnakeandroidamxxash\3rdparty\regamedll_cs\regamedll\msvc\regamedll\release\regamedll.tlog\cl.read.1.tlog
d:\valvetools\bigsnakeandroidamxxash\3rdparty\regamedll_cs\regamedll\msvc\regamedll\release\regamedll.tlog\cl.write.1.tlog
d:\valvetools\bigsnakeandroidamxxash\3rdparty\regamedll_cs\regamedll\msvc\regamedll\release\regamedll.tlog\link.command.1.tlog
d:\valvetools\bigsnakeandroidamxxash\3rdparty\regamedll_cs\regamedll\msvc\regamedll\release\regamedll.tlog\link.read.1.tlog
d:\valvetools\bigsnakeandroidamxxash\3rdparty\regamedll_cs\regamedll\msvc\regamedll\release\regamedll.tlog\link.write.1.tlog
d:\valvetools\bigsnakeandroidamxxash\3rdparty\regamedll_cs\regamedll\msvc\regamedll\release\regamedll.tlog\rc.command.1.tlog
d:\valvetools\bigsnakeandroidamxxash\3rdparty\regamedll_cs\regamedll\msvc\regamedll\release\regamedll.tlog\rc.read.1.tlog
d:\valvetools\bigsnakeandroidamxxash\3rdparty\regamedll_cs\regamedll\msvc\regamedll\release\regamedll.tlog\rc.write.1.tlog
